// Jest Snapshot v1, https://goo.gl/fbAQLP

exports[`Testing with Component is not visible should snapshot 1`] = `null`;
